16:35:18 **** Incremental Build of configuration Debug for project 01_pointer_arithmetic ****
make -j16 all 
arm-none-eabi-gcc "../Src/main.c" -mcpu=cortex-m4 -std=gnu11 -g3 -DDEBUG -DSTM32F411VETx -DSTM32 -DSTM32F4 -DSTM32F411E_DISCO -c -I../Inc -O0 -ffunction-sections -fdata-sections -Wall -fstack-usage -fcyclomatic-complexity -MMD -MP -MF"Src/main.d" -MT"Src/main.o" --specs=nano.specs -mfpu=fpv4-sp-d16 -mfloat-abi=hard -mthumb -o "Src/main.o"
../Src/main.c:23:4: warning: #warning "FPU is not initialized, but the project is compiling for an FPU. Please initialize the FPU before use." [-Wcpp]
   23 |   #warning "FPU is not initialized, but the project is compiling for an FPU. Please initialize the FPU before use."
      |    ^~~~~~~
../Src/main.c: In function 'main':
../Src/main.c:38:34: warning: format '%X' expects argument of type 'unsigned int', but argument 2 has type 'uint8_t *' {aka 'unsigned char *'} [-Wformat=]
   38 |         printf("p8 address  0x%08X *p8  = 0x%08X\n", p8, *p8);     // Prints 0x11
      |                               ~~~^                   ~~
      |                                  |                   |
      |                                  unsigned int        uint8_t * {aka unsigned char *}
      |                               %08hhn
../Src/main.c:39:34: warning: format '%X' expects argument of type 'unsigned int', but argument 2 has type 'uint16_t *' {aka 'short unsigned int *'} [-Wformat=]
   39 |         printf("p16 address 0x%08X *p16 = 0x%08X\n", p16, *p16);    // Prints 0x1122
      |                               ~~~^                   ~~~
      |                                  |                   |
      |                                  unsigned int        uint16_t * {aka short unsigned int *}
      |                               %08hn
../Src/main.c:40:34: warning: format '%X' expects argument of type 'unsigned int', but argument 2 has type 'uint32_t *' {aka 'long unsigned int *'} [-Wformat=]
   40 |         printf("p32 address 0x%08X *p32 = 0x%08X\n",p32,  *p32);    // Prints 0x11223344
      |                               ~~~^                  ~~~
      |                                  |                  |
      |                                  unsigned int       uint32_t * {aka long unsigned int *}
      |                               %08ln
../Src/main.c:40:48: warning: format '%X' expects argument of type 'unsigned int', but argument 3 has type 'uint32_t' {aka 'long unsigned int'} [-Wformat=]
   40 |         printf("p32 address 0x%08X *p32 = 0x%08X\n",p32,  *p32);    // Prints 0x11223344
      |                                             ~~~^          ~~~~
      |                                                |          |
      |                                                |          uint32_t {aka long unsigned int}
      |                                                unsigned int
      |                                             %08lX
../Src/main.c:46:34: warning: format '%X' expects argument of type 'unsigned int', but argument 2 has type 'uint8_t *' {aka 'unsigned char *'} [-Wformat=]
   46 |         printf("p8 address  0x%08X *p8  = 0x%08X\n", p8, *p8);     // Prints 0x33
      |                               ~~~^                   ~~
      |                                  |                   |
      |                                  unsigned int        uint8_t * {aka unsigned char *}
      |                               %08hhn
../Src/main.c:47:34: warning: format '%X' expects argument of type 'unsigned int', but argument 2 has type 'uint16_t *' {aka 'short unsigned int *'} [-Wformat=]
   47 |         printf("p16 address 0x%08X *p16 = 0x%08X\n", p16, *p16);   // Prints 0x5566
      |                               ~~~^                   ~~~
      |                                  |                   |
      |                                  unsigned int        uint16_t * {aka short unsigned int *}
      |                               %08hn
../Src/main.c:48:34: warning: format '%X' expects argument of type 'unsigned int', but argument 2 has type 'uint32_t *' {aka 'long unsigned int *'} [-Wformat=]
   48 |         printf("p32 address 0x%08X *p32 = 0x%08X\n",p32,  *p32);   // Prints 0x99AABBCC
      |                               ~~~^                  ~~~
      |                                  |                  |
      |                                  unsigned int       uint32_t * {aka long unsigned int *}
      |                               %08ln
../Src/main.c:48:48: warning: format '%X' expects argument of type 'unsigned int', but argument 3 has type 'uint32_t' {aka 'long unsigned int'} [-Wformat=]
   48 |         printf("p32 address 0x%08X *p32 = 0x%08X\n",p32,  *p32);   // Prints 0x99AABBCC
      |                                             ~~~^          ~~~~
      |                                                |          |
      |                                                |          uint32_t {aka long unsigned int}
      |                                                unsigned int
      |                                             %08lX
../Src/main.c:49:34: warning: format '%X' expects argument of type 'unsigned int', but argument 2 has type 'uint8_t *' {aka 'unsigned char *'} [-Wformat=]
   49 |         printf("p8 address  0x%08X p10 address 0x%08X addresses diff %d\n", p8, p10, p10-p8);
      |                               ~~~^                                          ~~
      |                                  |                                          |
      |                                  unsigned int                               uint8_t * {aka unsigned char *}
      |                               %08hhn
../Src/main.c:49:53: warning: format '%X' expects argument of type 'unsigned int', but argument 3 has type 'uint8_t *' {aka 'unsigned char *'} [-Wformat=]
   49 |         printf("p8 address  0x%08X p10 address 0x%08X addresses diff %d\n", p8, p10, p10-p8);
      |                                                  ~~~^                           ~~~
      |                                                     |                           |
      |                                                     unsigned int                uint8_t * {aka unsigned char *}
      |                                                  %08hhn
arm-none-eabi-gcc -o "01_pointer_arithmetic.elf" @"objects.list"   -mcpu=cortex-m4 -T"C:\src\Bare-metal_Programming_STM32\lesson_2\01_pointer_arithmetic\STM32F411VETX_FLASH.ld" --specs=nosys.specs -Wl,-Map="01_pointer_arithmetic.map" -Wl,--gc-sections -static --specs=nano.specs -mfpu=fpv4-sp-d16 -mfloat-abi=hard -mthumb -Wl,--start-group -lc -lm -Wl,--end-group
Finished building target: 01_pointer_arithmetic.elf
 
arm-none-eabi-size  01_pointer_arithmetic.elf 
arm-none-eabi-objdump -h -S 01_pointer_arithmetic.elf  > "01_pointer_arithmetic.list"
   text	   data	    bss	    dec	    hex	filename
   5292	     92	   1900	   7284	   1c74	01_pointer_arithmetic.elf
Finished building: default.size.stdout
 
Finished building: 01_pointer_arithmetic.list
 

16:35:18 Build Finished. 0 errors, 11 warnings. (took 389ms)

